// Jest Snapshot v1, https://goo.gl/fbAQLP

exports[`Given a DictionaryItemList component when it is rendered should match the snapshot 1`] = `
<h2>
  Entries for 
  something
</h2>
`;
