// Jest Snapshot v1, https://goo.gl/fbAQLP

exports[`Given a App component when it is rendered should match the snapshot 1`] = `
<h1>
  Dictionary
</h1>
`;
